
> backend@1.0.0 test
> jest

node.exe : (node:25252) [MONGODB DRIVER] Warning: useNewUrlParser is a deprecated option: 
useNewUrlParser has no effect since Node.js Driver version 4.0.0 and will be removed in the next 
major version
At C:\Program Files\nodejs\npm.ps1:29 char:3
+   & $NODE_EXE $NPM_CLI_JS $args
+   ~~~~~~~~~~~~~~~~~~~~~~~~~~~~~
    + CategoryInfo          : NotSpecified: ((node:25252) [M...t major version:String) [], RemoteE 
   xception
    + FullyQualifiedErrorId : NativeCommandError
 
(Use `node --trace-warnings ...` to show where the warning was created)
(node:34036) [MONGODB DRIVER] Warning: useNewUrlParser is a deprecated option: useNewUrlParser has 
no effect since Node.js Driver version 4.0.0 and will be removed in the next major version
(Use `node --trace-warnings ...` to show where the warning was created)
(node:34036) [MONGODB DRIVER] Warning: useUnifiedTopology is a deprecated option: 
useUnifiedTopology has no effect since Node.js Driver version 4.0.0 and will be removed in the 
next major version
(node:25252) [MONGODB DRIVER] Warning: useUnifiedTopology is a deprecated option: 
useUnifiedTopology has no effect since Node.js Driver version 4.0.0 and will be removed in the 
next major version
(node:33916) [MONGODB DRIVER] Warning: useNewUrlParser is a deprecated option: useNewUrlParser has 
no effect since Node.js Driver version 4.0.0 and will be removed in the next major version
(Use `node --trace-warnings ...` to show where the warning was created)
(node:33916) [MONGODB DRIVER] Warning: useUnifiedTopology is a deprecated option: 
useUnifiedTopology has no effect since Node.js Driver version 4.0.0 and will be removed in the 
next major version
PASS tests/auth.test.js (5.95 s)
  ΓùÅ Console

    console.log
      [dotenv@17.2.2] injecting env (16) from .env -- tip: ≡ƒôí observe env with Radar: 
https://dotenvx.com/radar

      at _log (node_modules/dotenv/lib/main.js:139:11)

    console.log
      [dotenv@17.2.2] injecting env (0) from .env -- tip: ≡ƒôí auto-backup env with Radar: 
https://dotenvx.com/radar

      at _log (node_modules/dotenv/lib/main.js:139:11)

    console.log
      [dotenv@17.2.2] injecting env (0) from .env -- tip: ≡ƒöÉ prevent building .env in docker: 
https://dotenvx.com/prebuild

      at _log (node_modules/dotenv/lib/main.js:139:11)

PASS tests/inventory.test.js (7.99 s)
  ΓùÅ Console

    console.log
      [dotenv@17.2.2] injecting env (16) from .env -- tip: ΓÜÖ∩╕Å  override existing env vars with 
{ override: true }

      at _log (node_modules/dotenv/lib/main.js:139:11)

    console.log
      [dotenv@17.2.2] injecting env (0) from .env -- tip: ΓÜÖ∩╕Å  suppress all logs with { quiet: 
true }

      at _log (node_modules/dotenv/lib/main.js:139:11)

    console.log
      [dotenv@17.2.2] injecting env (0) from .env -- tip: ΓÜÖ∩╕Å  override existing env vars with 
{ override: true }

      at _log (node_modules/dotenv/lib/main.js:139:11)

PASS tests/sweets.test.js (10.614 s)
  ΓùÅ Console

    console.log
      [dotenv@17.2.2] injecting env (16) from .env -- tip: ΓÜÖ∩╕Å  suppress all logs with { quiet: 
true }

      at _log (node_modules/dotenv/lib/main.js:139:11)

    console.log
      [dotenv@17.2.2] injecting env (0) from .env -- tip: ΓÜÖ∩╕Å  specify custom .env file path 
with { path: '/custom/path/.env' }

      at _log (node_modules/dotenv/lib/main.js:139:11)

    console.log
      [dotenv@17.2.2] injecting env (0) from .env -- tip: ≡ƒöÉ prevent committing .env to code: 
https://dotenvx.com/precommit

      at _log (node_modules/dotenv/lib/main.js:139:11)


Test Suites: 3 passed, 3 total
Tests:       16 passed, 16 total
Snapshots:   0 total
Time:        11.339 s, estimated 12 s
Ran all test suites.
